StudentContacts in Google.Docs
Slack setup
GitHub Repo
GitBash setup
Folder structure
Docs shareing
First push

User@DESKTOP-62INSJH MINGW64 ~
$ cd /c/tekwill/
bash: cd: /c/tekwill/: No such file or directory

User@DESKTOP-62INSJH MINGW64 ~
$ cd /c/Projects/tekwill/src

User@DESKTOP-62INSJH MINGW64 /c/Projects/tekwill/src
$ cd tekwill_oca

User@DESKTOP-62INSJH MINGW64 /c/Projects/tekwill/src/tekwill_oca (master)
$ git add lesson
fatal: pathspec 'lesson' did not match any files

User@DESKTOP-62INSJH MINGW64 /c/Projects/tekwill/src/tekwill_oca (master)
$ git add lesson0

User@DESKTOP-62INSJH MINGW64 /c/Projects/tekwill/src/tekwill_oca (master)
$ git commit -a
Aborting commit due to empty commit message.

User@DESKTOP-62INSJH MINGW64 /c/Projects/tekwill/src/tekwill_oca (master)
$ git status
On branch master
Your branch is based on 'origin/master', but the upstream is gone.
  (use "git branch --unset-upstream" to fixup)

Changes to be committed:
  (use "git reset HEAD <file>..." to unstage)

        new file:   lesson0/nouts.txt

Changes not staged for commit:
  (use "git add/rm <file>..." to update what will be committed)
  (use "git checkout -- <file>..." to discard changes in working directory)

        deleted:    lesson 0/nouts.txt


User@DESKTOP-62INSJH MINGW64 /c/Projects/tekwill/src/tekwill_oca (master)
$ git commit -m "My first commit"
[master fde4818] My first commit
 1 file changed, 7 insertions(+)
 create mode 100644 lesson0/nouts.txt

User@DESKTOP-62INSJH MINGW64 /c/Projects/tekwill/src/tekwill_oca (master)
$ git push
Counting objects: 6, done.
Delta compression using up to 8 threads.
Compressing objects: 100% (4/4), done.
Writing objects: 100% (6/6), 543 bytes | 543.00 KiB/s, done.
Total 6 (delta 0), reused 0 (delta 0)
To https://github.com/delynat/tekwill_OCA.git
 * [new branch]      master -> master

User@DESKTOP-62INSJH MINGW64 /c/Projects/tekwill/src/tekwill_oca (master)
$
